// Jest Snapshot v1, https://goo.gl/fbAQLP

exports[`Testing the MenuLink component renders a link 1`] = `
<a
  activeclassname="active"
  className="link"
  href="/target"
  onClick={[Function]}
>
  link text
</a>
`;
